amr@AMRATEF MINGW64 ~/Desktop/KalilALkadhy/programmester
$ git init
Initialized empty Git repository in C:/Users/amr/Desktop/KalilALkadhy/programmester/.git/

amr@AMRATEF MINGW64 ~/Desktop/KalilALkadhy/programmester (master)
$

amr@AMRATEF MINGW64 ~/Desktop/KalilALkadhy/programmester (master)
$ touch programmers.txt

amr@AMRATEF MINGW64 ~/Desktop/KalilALkadhy/programmester (master)
$ touch programmers.txt

amr@AMRATEF MINGW64 ~/Desktop/KalilALkadhy/programmester (master)
$ git add programmers.txt

amr@AMRATEF MINGW64 ~/Desktop/KalilALkadhy/programmester (master)
$ git commit -m "add empty fie. <amr>"
[master (root-commit) 013c343] add empty fie. <amr>
 1 file changed, 0 insertions(+), 0 deletions(-)
 create mode 100644 programmers.txt

amr@AMRATEF MINGW64 ~/Desktop/KalilALkadhy/programmester (master)
$ touch projects.txt

amr@AMRATEF MINGW64 ~/Desktop/KalilALkadhy/programmester (master)
$ git status
On branch master
Untracked files:
  (use "git add <file>..." to include in what will be committed)
        .gitignore

nothing added to commit but untracked files present (use "git add" to track)

amr@AMRATEF MINGW64 ~/Desktop/KalilALkadhy/programmester (master)
$ git status
On branch master
nothing to commit, working tree clean

amr@AMRATEF MINGW64 ~/Desktop/KalilALkadhy/programmester (master)
$ git branch Ahmed

amr@AMRATEF MINGW64 ~/Desktop/KalilALkadhy/programmester (master)
$ git branch Saeed

amr@AMRATEF MINGW64 ~/Desktop/KalilALkadhy/programmester (master)
$ git branch
  Ahmed
  Saeed
* master

amr@AMRATEF MINGW64 ~/Desktop/KalilALkadhy/programmester (master)
$ git switch Ahmed
Switched to branch 'Ahmed'

amr@AMRATEF MINGW64 ~/Desktop/KalilALkadhy/programmester (Ahmed)
$ git add programmers.txt

amr@AMRATEF MINGW64 ~/Desktop/KalilALkadhy/programmester (Ahmed)
$ git commit -m "add Ahmed <amr>"
[Ahmed d3448d0] add Ahmed <amr>
 1 file changed, 1 insertion(+)

amr@AMRATEF MINGW64 ~/Desktop/KalilALkadhy/programmester (Ahmed)
$ git status
On branch Ahmed
nothing to commit, working tree clean

amr@AMRATEF MINGW64 ~/Desktop/KalilALkadhy/programmester (Ahmed)
$ git switch Saeed
Switched to branch 'Saeed'

amr@AMRATEF MINGW64 ~/Desktop/KalilALkadhy/programmester (Saeed)
$ git add programmers.txt

amr@AMRATEF MINGW64 ~/Desktop/KalilALkadhy/programmester (Saeed)
$ git commit -m "add Saeed info <amr>"
[Saeed 122ef18] add Saeed info <amr>
 1 file changed, 1 insertion(+)

amr@AMRATEF MINGW64 ~/Desktop/KalilALkadhy/programmester (Saeed)
$ git status
On branch Saeed
nothing to commit, working tree clean

amr@AMRATEF MINGW64 ~/Desktop/KalilALkadhy/programmester (Saeed)
$ git branch Anwar

amr@AMRATEF MINGW64 ~/Desktop/KalilALkadhy/programmester (Saeed)
$ git switch Anwar
Switched to branch 'Anwar'

amr@AMRATEF MINGW64 ~/Desktop/KalilALkadhy/programmester (Anwar)
$ git commit -m "add Anwar info <amr>"
On branch Anwar
Changes not staged for commit:
  (use "git add <file>..." to update what will be committed)
  (use "git restore <file>..." to discard changes in working directory)
        modified:   programmers.txt

no changes added to commit (use "git add" and/or "git commit -a")

amr@AMRATEF MINGW64 ~/Desktop/KalilALkadhy/programmester (Anwar)
$ git add programmers.txt

amr@AMRATEF MINGW64 ~/Desktop/KalilALkadhy/programmester (Anwar)
$ git commit -m "add Anwar info <amr>"
[Anwar e6efe3a] add Anwar info <amr>
 1 file changed, 1 insertion(+), 1 deletion(-)

amr@AMRATEF MINGW64 ~/Desktop/KalilALkadhy/programmester (Anwar)
$ git status
On branch Anwar
nothing to commit, working tree clean

amr@AMRATEF MINGW64 ~/Desktop/KalilALkadhy/programmester (Anwar)
